[
  {
    "TopicProperties": {
      "DefaultMessageTimeToLive": "14.00:00:00",
      "AutoDeleteOnIdle": "10675199.02:48:05.4775807",
      "MaxSizeInMegabytes": 1024,
      "RequiresDuplicateDetection": false,
      "DuplicateDetectionHistoryTimeWindow": "00:10:00",
      "Name": "topic1.topic",
      "AuthorizationRules": [
        {
          "ClaimType": "SharedAccessKey",
          "KeyName": "ManageKey",
          "PrimaryKey": "xxxxxx=",
          "SecondaryKey": "dl1D+xxxxxx/sMzb4=",
          "Rights": [
            0,
            1,
            2
          ],
          "CreatedTime": "2020-09-22T08:54:49.8979497+00:00",
          "ModifiedTime": "2020-09-22T08:54:49.8979497+00:00"
        }
      ],
      "Status": {},
      "EnablePartitioning": false,
      "SupportOrdering": true,
      "EnableBatchedOperations": true,
      "UserMetadata": null
    },
    "RunTimeProperties": {
      "Name": "topic1.topic",
      "AccessedAt": "2021-11-06T05:38:57.2571312+00:00",
      "CreatedAt": "2020-09-22T08:54:48.7240599+00:00",
      "UpdatedAt": "2021-11-02T22:50:36.4991176+00:00",
      "SizeInBytes": 6031361,
      "SubscriptionCount": 6,
      "ScheduledMessageCount": 0
    }
  },
  {
    "TopicProperties": {
      "DefaultMessageTimeToLive": "14.00:00:00",
      "AutoDeleteOnIdle": "10675199.02:48:05.4775807",
      "MaxSizeInMegabytes": 1024,
      "RequiresDuplicateDetection": false,
      "DuplicateDetectionHistoryTimeWindow": "00:10:00",
      "Name": "topic2.topic",
      "AuthorizationRules": [
        {
          "ClaimType": "SharedAccessKey",
          "KeyName": "ManageKey",
          "PrimaryKey": "xxxxxx/xxxxxx=",
          "SecondaryKey": "YpVNc/xxxxxx=",
          "Rights": [
            0,
            1,
            2
          ],
          "CreatedTime": "2020-10-23T01:42:58.8277137+00:00",
          "ModifiedTime": "2020-10-23T01:42:58.8277137+00:00"
        }
      ],
      "Status": {},
      "EnablePartitioning": false,
      "SupportOrdering": true,
      "EnableBatchedOperations": true,
      "UserMetadata": null
    },
    "RunTimeProperties": {
      "Name": "topic2.topic",
      "AccessedAt": "2021-11-06T05:38:57.2571312+00:00",
      "CreatedAt": "2020-10-23T01:42:56.6652593+00:00",
      "UpdatedAt": "2021-11-05T02:46:16.1997491+00:00",
      "SizeInBytes": 5291200,
      "SubscriptionCount": 2,
      "ScheduledMessageCount": 0
    }
  },
  {
    "TopicProperties": {
      "DefaultMessageTimeToLive": "14.00:00:00",
      "AutoDeleteOnIdle": "10675199.02:48:05.4775807",
      "MaxSizeInMegabytes": 1024,
      "RequiresDuplicateDetection": false,
      "DuplicateDetectionHistoryTimeWindow": "00:10:00",
      "Name": "topic3.topic",
      "AuthorizationRules": [
        {
          "ClaimType": "SharedAccessKey",
          "KeyName": "ManageKey",
          "PrimaryKey": "xxxxxx/ODg=",
          "SecondaryKey": "xxxxxx+K9WXoeb4+xxxxxx=",
          "Rights": [
            0,
            1,
            2
          ],
          "CreatedTime": "2021-01-21T05:09:48.3582371+00:00",
          "ModifiedTime": "2021-01-21T05:09:48.3582371+00:00"
        }
      ],
      "Status": {},
      "EnablePartitioning": false,
      "SupportOrdering": true,
      "EnableBatchedOperations": true,
      "UserMetadata": null
    },
    "RunTimeProperties": {
      "Name": "topic3.topic",
      "AccessedAt": "2021-11-06T05:38:57.2571312+00:00",
      "CreatedAt": "2021-01-21T05:09:46.2024604+00:00",
      "UpdatedAt": "2021-11-05T02:46:16.6372339+00:00",
      "SizeInBytes": 1634966,
      "SubscriptionCount": 2,
      "ScheduledMessageCount": 0
    }
  },
  {
    "TopicProperties": {
      "DefaultMessageTimeToLive": "14.00:00:00",
      "AutoDeleteOnIdle": "10675199.02:48:05.4775807",
      "MaxSizeInMegabytes": 1024,
      "RequiresDuplicateDetection": false,
      "DuplicateDetectionHistoryTimeWindow": "00:10:00",
      "Name": "topic4.topic",
      "AuthorizationRules": [
        {
          "ClaimType": "SharedAccessKey",
          "KeyName": "ManageKey",
          "PrimaryKey": "xxxxxx/o=",
          "SecondaryKey": "xxxxxx+0kRoZub4TeC+xxxxxx=",
          "Rights": [
            0,
            1,
            2
          ],
          "CreatedTime": "2020-09-22T09:34:58.9116271+00:00",
          "ModifiedTime": "2020-09-22T09:34:58.9116271+00:00"
        }
      ],
      "Status": {},
      "EnablePartitioning": false,
      "SupportOrdering": true,
      "EnableBatchedOperations": true,
      "UserMetadata": null
    },
    "RunTimeProperties": {
      "Name": "topic4.topic",
      "AccessedAt": "2021-11-06T05:38:57.2571312+00:00",
      "CreatedAt": "2020-09-22T09:34:57.5497643+00:00",
      "UpdatedAt": "2021-11-01T06:53:18.9526036+00:00",
      "SizeInBytes": 9516258,
      "SubscriptionCount": 2,
      "ScheduledMessageCount": 0
    }
  },
  {
    "TopicProperties": {
      "DefaultMessageTimeToLive": "14.00:00:00",
      "AutoDeleteOnIdle": "10675199.02:48:05.4775807",
      "MaxSizeInMegabytes": 1024,
      "RequiresDuplicateDetection": false,
      "DuplicateDetectionHistoryTimeWindow": "00:10:00",
      "Name": "topic5.topic",
      "AuthorizationRules": [
        {
          "ClaimType": "SharedAccessKey",
          "KeyName": "ManageKey",
          "PrimaryKey": "inw/xxxxxx+7E5JnJxxxxxxeL9hImV7yFFw=",
          "SecondaryKey": "xxxxxx+xxxxxx=",
          "Rights": [
            0,
            1,
            2
          ],
          "CreatedTime": "2020-09-22T09:19:40.4280597+00:00",
          "ModifiedTime": "2020-09-22T09:19:40.4280597+00:00"
        }
      ],
      "Status": {},
      "EnablePartitioning": false,
      "SupportOrdering": true,
      "EnableBatchedOperations": true,
      "UserMetadata": null
    },
    "RunTimeProperties": {
      "Name": "topic5.topic",
      "AccessedAt": "2021-11-06T05:38:57.2571312+00:00",
      "CreatedAt": "2020-09-22T09:19:37.1532701+00:00",
      "UpdatedAt": "2021-10-28T01:42:50.9156855+00:00",
      "SizeInBytes": 71948112,
      "SubscriptionCount": 7,
      "ScheduledMessageCount": 0
    }
  },
  {
    "TopicProperties": {
      "DefaultMessageTimeToLive": "14.00:00:00",
      "AutoDeleteOnIdle": "10675199.02:48:05.4775807",
      "MaxSizeInMegabytes": 1024,
      "RequiresDuplicateDetection": false,
      "DuplicateDetectionHistoryTimeWindow": "00:10:00",
      "Name": "topic6.topic",
      "AuthorizationRules": [
        {
          "ClaimType": "SharedAccessKey",
          "KeyName": "ManageKey",
          "PrimaryKey": "xxxxxx=",
          "SecondaryKey": "xxxxxx+xxxxxx=",
          "Rights": [
            0,
            1,
            2
          ],
          "CreatedTime": "2020-10-22T00:29:58.0897685+00:00",
          "ModifiedTime": "2020-10-22T00:29:58.0897685+00:00"
        }
      ],
      "Status": {},
      "EnablePartitioning": false,
      "SupportOrdering": true,
      "EnableBatchedOperations": true,
      "UserMetadata": null
    },
    "RunTimeProperties": {
      "Name": "topic6.topic",
      "AccessedAt": "2021-11-06T05:38:57.2571312+00:00",
      "CreatedAt": "2020-10-22T00:29:55.9641626+00:00",
      "UpdatedAt": "2021-10-21T04:26:56.4792184+00:00",
      "SizeInBytes": 171840501,
      "SubscriptionCount": 2,
      "ScheduledMessageCount": 0
    }
  },
  {
    "TopicProperties": {
      "DefaultMessageTimeToLive": "14.00:00:00",
      "AutoDeleteOnIdle": "10675199.02:48:05.4775807",
      "MaxSizeInMegabytes": 1024,
      "RequiresDuplicateDetection": false,
      "DuplicateDetectionHistoryTimeWindow": "00:10:00",
      "Name": "topic7.topic",
      "AuthorizationRules": [
        {
          "ClaimType": "SharedAccessKey",
          "KeyName": "ManageKey",
          "PrimaryKey": "xxxxxx/xxxxxx=",
          "SecondaryKey": "xxxxxx=",
          "Rights": [
            0,
            1,
            2
          ],
          "CreatedTime": "2020-09-27T22:19:01.5737954+00:00",
          "ModifiedTime": "2020-09-27T22:19:01.5737954+00:00"
        }
      ],
      "Status": {},
      "EnablePartitioning": false,
      "SupportOrdering": true,
      "EnableBatchedOperations": true,
      "UserMetadata": null
    },
    "RunTimeProperties": {
      "Name": "topic7.topic",
      "AccessedAt": "2021-11-06T05:38:57.2571312+00:00",
      "CreatedAt": "2020-09-27T22:18:57.6332552+00:00",
      "UpdatedAt": "2021-11-01T06:53:16.530497+00:00",
      "SizeInBytes": 205895867,
      "SubscriptionCount": 8,
      "ScheduledMessageCount": 0
    }
  },
  {
    "TopicProperties": {
      "DefaultMessageTimeToLive": "14.00:00:00",
      "AutoDeleteOnIdle": "10675199.02:48:05.4775807",
      "MaxSizeInMegabytes": 1024,
      "RequiresDuplicateDetection": false,
      "DuplicateDetectionHistoryTimeWindow": "00:10:00",
      "Name": "topic8.topic",
      "AuthorizationRules": [
        {
          "ClaimType": "SharedAccessKey",
          "KeyName": "ManageKey",
          "PrimaryKey": "xxxxxx=",
          "SecondaryKey": "xxxxxx/xxxxxx=",
          "Rights": [
            0,
            1,
            2
          ],
          "CreatedTime": "2020-09-22T23:38:26.0558032+00:00",
          "ModifiedTime": "2020-09-22T23:38:26.0558032+00:00"
        }
      ],
      "Status": {},
      "EnablePartitioning": false,
      "SupportOrdering": true,
      "EnableBatchedOperations": true,
      "UserMetadata": null
    },
    "RunTimeProperties": {
      "Name": "topic9.topic",
      "AccessedAt": "2021-11-06T05:38:57.2571312+00:00",
      "CreatedAt": "2020-09-22T23:38:24.7268025+00:00",
      "UpdatedAt": "2021-11-06T00:54:42.6890036+00:00",
      "SizeInBytes": 101797503,
      "SubscriptionCount": 10,
      "ScheduledMessageCount": 0
    }
  },
  {
    "TopicProperties": {
      "DefaultMessageTimeToLive": "365.00:00:00",
      "AutoDeleteOnIdle": "365.00:00:00",
      "MaxSizeInMegabytes": 1024,
      "RequiresDuplicateDetection": false,
      "DuplicateDetectionHistoryTimeWindow": "1.00:00:00",
      "Name": "topic9.topic",
      "AuthorizationRules": [
        {
          "ClaimType": "SharedAccessKey",
          "KeyName": "ManageKey",
          "PrimaryKey": "xxxxxx/xxxxxx=",
          "SecondaryKey": "xxxxxx=",
          "Rights": [
            0,
            1,
            2
          ],
          "CreatedTime": "2020-09-23T04:17:59.6815077+00:00",
          "ModifiedTime": "2020-09-23T04:17:59.6815077+00:00"
        }
      ],
      "Status": {},
      "l": null,
      "EnablePartitioning": false,
      "SupportOrdering": true,
      "EnableBatchedOperations": true,
      "UserMetadata": null
    },
    "RunTimeProperties": {
      "Name": "topic9.topic",
      "AccessedAt": "2021-11-06T05:25:52.5854137+00:00",
      "CreatedAt": "2020-09-23T04:17:58.585405+00:00",
      "UpdatedAt": "2021-11-01T06:53:17.4211412+00:00",
      "SizeInBytes": 214078369,
      "SubscriptionCount": 6,
      "ScheduledMessageCount": 0
    }
  },
  {
    "TopicProperties": {
      "DefaultMessageTimeToLive": "365.00:00:00",
      "AutoDeleteOnIdle": "365.00:00:00",
      "MaxSizeInMegabytes": 1024,
      "RequiresDuplicateDetection": false,
      "DuplicateDetectionHistoryTimeWindow": "1.00:00:00",
      "Name": "topic10.topic",
      "AuthorizationRules": [
        {
          "ClaimType": "SharedAccessKey",
          "KeyName": "ManageKey",
          "PrimaryKey": "xxxxxx/xxxxxx=",
          "SecondaryKey": "xxxxxx=",
          "Rights": [
            0,
            1,
            2
          ],
          "CreatedTime": "2020-09-23T04:17:59.6815077+00:00",
          "ModifiedTime": "2020-09-23T04:17:59.6815077+00:00"
        }
      ],
      "Status": {},
      "EnablePartitioning": false,
      "SupportOrdering": true,
      "EnableBatchedOperations": true,
      "UserMetadata": null
    },
    "RunTimeProperties": {
      "Name": "topic10.topic",
      "AccessedAt": "2021-11-06T05:38:57.2571312+00:00",
      "CreatedAt": "2020-09-23T04:17:58.585405+00:00",
      "UpdatedAt": "2021-11-01T06:53:17.4211412+00:00",
      "SizeInBytes": 214115402,
      "SubscriptionCount": 6,
      "ScheduledMessageCount": 0
    }
  },
  {
    "TopicProperties": {
      "DefaultMessageTimeToLive": "14.00:00:00",
      "AutoDeleteOnIdle": "10675199.02:48:05.4775807",
      "MaxSizeInMegabytes": 1024,
      "RequiresDuplicateDetection": false,
      "DuplicateDetectionHistoryTimeWindow": "00:10:00",
      "Name": "topic11.topic",
      "AuthorizationRules": [
        {
          "ClaimType": "SharedAccessKey",
          "KeyName": "ManageKey",
          "PrimaryKey": "xxxxxx",
          "SecondaryKey": "xxxxxx+xxxxxx=",
          "Rights": [
            0,
            1,
            2
          ],
          "CreatedTime": "2020-10-13T03:10:49.8558298+00:00",
          "ModifiedTime": "2020-10-13T03:10:49.8558298+00:00"
        }
      ],
      "Status": {},
      "EnablePartitioning": false,
      "SupportOrdering": true,
      "EnableBatchedOperations": true,
      "UserMetadata": null
    },
    "RunTimeProperties": {
      "Name": "topic11.topic",
      "AccessedAt": "2021-11-06T05:38:57.2571312+00:00",
      "CreatedAt": "2020-10-13T03:10:47.4363972+00:00",
      "UpdatedAt": "2021-10-28T01:42:50.7906773+00:00",
      "SizeInBytes": 879221,
      "SubscriptionCount": 12,
      "ScheduledMessageCount": 0
    }
  }
]